1 ta#urgentsk1#
2 task3 #urgent #30000101 #tag2 #veryurgent #newtag
3 task4 #tag #newtag #newtag
